MPLINK 4.48, Linker
Linker Map File - Created Tue Mar 26 22:15:57 2024

                                 Section Info
                  Section       Type    Address   Location Size(Bytes)
                ---------  ---------  ---------  ---------  ---------
                   .org_0       code   0x000000    program   0x000000
                   .org_1       code   0x000000    program   0x000002
                   .org_2       code   0x000004    program   0x000002
                   .org_3       code   0x000005    program   0x000276
      .config_8007_MAIN.O       code   0x008007    program   0x000002



                              Program Memory Usage 
                               Start         End      
                           ---------   ---------      
                            0x000000    0x000000      
                            0x000004    0x00013f      
                            0x008007    0x008007      
            318 out of 8455 program addresses used, program memory utilization is 3%



                              Symbols - Sorted by Name
                     Name    Address   Location    Storage File                     
                ---------  ---------  ---------  --------- ---------                
                   ALARMA   0x000117    program     static C:\Users\Admin\Documents\microwave_pic\main.asm
                BARR_DISP   0x00004a    program     static C:\Users\Admin\Documents\microwave_pic\main.asm
                     BEEP   0x00012f    program     static C:\Users\Admin\Documents\microwave_pic\main.asm
                COLUMNA1A   0x0000b7    program     static C:\Users\Admin\Documents\microwave_pic\main.asm
                COLUMNA1B   0x0000bd    program     static C:\Users\Admin\Documents\microwave_pic\main.asm
                COLUMNA1C   0x0000c3    program     static C:\Users\Admin\Documents\microwave_pic\main.asm
                COLUMNA1D   0x0000c9    program     static C:\Users\Admin\Documents\microwave_pic\main.asm
                COLUMNA2A   0x00009f    program     static C:\Users\Admin\Documents\microwave_pic\main.asm
                COLUMNA2B   0x0000a5    program     static C:\Users\Admin\Documents\microwave_pic\main.asm
                COLUMNA2C   0x0000ab    program     static C:\Users\Admin\Documents\microwave_pic\main.asm
                COLUMNA2D   0x0000b1    program     static C:\Users\Admin\Documents\microwave_pic\main.asm
                COLUMNA3A   0x000080    program     static C:\Users\Admin\Documents\microwave_pic\main.asm
                COLUMNA3B   0x000086    program     static C:\Users\Admin\Documents\microwave_pic\main.asm
                COLUMNA3C   0x00008c    program     static C:\Users\Admin\Documents\microwave_pic\main.asm
                COLUMNA3D   0x000092    program     static C:\Users\Admin\Documents\microwave_pic\main.asm
               DECREMENTA   0x0000d8    program     static C:\Users\Admin\Documents\microwave_pic\main.asm
                   DOT_ON   0x00005c    program     static C:\Users\Admin\Documents\microwave_pic\main.asm
               FIN_ALARMA   0x00012b    program     static C:\Users\Admin\Documents\microwave_pic\main.asm
                FIN_VERIF   0x000111    program     static C:\Users\Admin\Documents\microwave_pic\main.asm
                 FIX_BARR   0x000051    program     static C:\Users\Admin\Documents\microwave_pic\main.asm
                  INC_FSR   0x000105    program     static C:\Users\Admin\Documents\microwave_pic\main.asm
                   INICIO   0x000005    program     static C:\Users\Admin\Documents\microwave_pic\main.asm
                      INT   0x000039    program     static C:\Users\Admin\Documents\microwave_pic\main.asm
                     LOOP   0x000038    program     static C:\Users\Admin\Documents\microwave_pic\main.asm
                NIVEL_INT   0x000044    program     static C:\Users\Admin\Documents\microwave_pic\main.asm
                 ROTA_DIG   0x0000d1    program     static C:\Users\Admin\Documents\microwave_pic\main.asm
                SERA_CERO   0x000103    program     static C:\Users\Admin\Documents\microwave_pic\main.asm
                 SHOW_DIG   0x000057    program     static C:\Users\Admin\Documents\microwave_pic\main.asm
               TABLA_7SEG   0x000135    program     static C:\Users\Admin\Documents\microwave_pic\main.asm
               TECLA_PRES   0x000062    program     static C:\Users\Admin\Documents\microwave_pic\main.asm
                  TMR_INT   0x00003c    program     static C:\Users\Admin\Documents\microwave_pic\main.asm



                              Symbols - Sorted by Address
                     Name    Address   Location    Storage File                     
                ---------  ---------  ---------  --------- ---------                
                   INICIO   0x000005    program     static C:\Users\Admin\Documents\microwave_pic\main.asm
                     LOOP   0x000038    program     static C:\Users\Admin\Documents\microwave_pic\main.asm
                      INT   0x000039    program     static C:\Users\Admin\Documents\microwave_pic\main.asm
                  TMR_INT   0x00003c    program     static C:\Users\Admin\Documents\microwave_pic\main.asm
                NIVEL_INT   0x000044    program     static C:\Users\Admin\Documents\microwave_pic\main.asm
                BARR_DISP   0x00004a    program     static C:\Users\Admin\Documents\microwave_pic\main.asm
                 FIX_BARR   0x000051    program     static C:\Users\Admin\Documents\microwave_pic\main.asm
                 SHOW_DIG   0x000057    program     static C:\Users\Admin\Documents\microwave_pic\main.asm
                   DOT_ON   0x00005c    program     static C:\Users\Admin\Documents\microwave_pic\main.asm
               TECLA_PRES   0x000062    program     static C:\Users\Admin\Documents\microwave_pic\main.asm
                COLUMNA3A   0x000080    program     static C:\Users\Admin\Documents\microwave_pic\main.asm
                COLUMNA3B   0x000086    program     static C:\Users\Admin\Documents\microwave_pic\main.asm
                COLUMNA3C   0x00008c    program     static C:\Users\Admin\Documents\microwave_pic\main.asm
                COLUMNA3D   0x000092    program     static C:\Users\Admin\Documents\microwave_pic\main.asm
                COLUMNA2A   0x00009f    program     static C:\Users\Admin\Documents\microwave_pic\main.asm
                COLUMNA2B   0x0000a5    program     static C:\Users\Admin\Documents\microwave_pic\main.asm
                COLUMNA2C   0x0000ab    program     static C:\Users\Admin\Documents\microwave_pic\main.asm
                COLUMNA2D   0x0000b1    program     static C:\Users\Admin\Documents\microwave_pic\main.asm
                COLUMNA1A   0x0000b7    program     static C:\Users\Admin\Documents\microwave_pic\main.asm
                COLUMNA1B   0x0000bd    program     static C:\Users\Admin\Documents\microwave_pic\main.asm
                COLUMNA1C   0x0000c3    program     static C:\Users\Admin\Documents\microwave_pic\main.asm
                COLUMNA1D   0x0000c9    program     static C:\Users\Admin\Documents\microwave_pic\main.asm
                 ROTA_DIG   0x0000d1    program     static C:\Users\Admin\Documents\microwave_pic\main.asm
               DECREMENTA   0x0000d8    program     static C:\Users\Admin\Documents\microwave_pic\main.asm
                SERA_CERO   0x000103    program     static C:\Users\Admin\Documents\microwave_pic\main.asm
                  INC_FSR   0x000105    program     static C:\Users\Admin\Documents\microwave_pic\main.asm
                FIN_VERIF   0x000111    program     static C:\Users\Admin\Documents\microwave_pic\main.asm
                   ALARMA   0x000117    program     static C:\Users\Admin\Documents\microwave_pic\main.asm
               FIN_ALARMA   0x00012b    program     static C:\Users\Admin\Documents\microwave_pic\main.asm
                     BEEP   0x00012f    program     static C:\Users\Admin\Documents\microwave_pic\main.asm
               TABLA_7SEG   0x000135    program     static C:\Users\Admin\Documents\microwave_pic\main.asm


